{
  "version": "1.5.0",
  "plugins_used": [
    {
      "name": "ArtifactoryDetector"
    },
    {
      "name": "AWSKeyDetector"
    },
    {
      "name": "AzureStorageKeyDetector"
    },
    {
      "name": "Base64HighEntropyString",
      "limit": 4.5
    },
    {
      "name": "BasicAuthDetector"
    },
    {
      "name": "CloudantDetector"
    },
    {
      "name": "DiscordBotTokenDetector"
    },
    {
      "name": "GitHubTokenDetector"
    },
    {
      "name": "GitLabTokenDetector"
    },
    {
      "name": "HexHighEntropyString",
      "limit": 3.0
    },
    {
      "name": "IbmCloudIamDetector"
    },
    {
      "name": "IbmCosHmacDetector"
    },
    {
      "name": "IPPublicDetector"
    },
    {
      "name": "JwtTokenDetector"
    },
    {
      "name": "KeywordDetector",
      "keyword_exclude": ""
    },
    {
      "name": "MailchimpDetector"
    },
    {
      "name": "NpmDetector"
    },
    {
      "name": "OpenAIDetector"
    },
    {
      "name": "PrivateKeyDetector"
    },
    {
      "name": "PypiTokenDetector"
    },
    {
      "name": "SendGridDetector"
    },
    {
      "name": "SlackDetector"
    },
    {
      "name": "SoftlayerDetector"
    },
    {
      "name": "SquareOAuthDetector"
    },
    {
      "name": "StripeDetector"
    },
    {
      "name": "TelegramBotTokenDetector"
    },
    {
      "name": "TwilioKeyDetector"
    }
  ],
  "filters_used": [
    {
      "path": "detect_secrets.filters.allowlist.is_line_allowlisted"
    },
    {
      "path": "detect_secrets.filters.common.is_baseline_file",
      "filename": ".secrets.baseline"
    },
    {
      "path": "detect_secrets.filters.common.is_ignored_due_to_verification_policies",
      "min_level": 2
    },
    {
      "path": "detect_secrets.filters.heuristic.is_indirect_reference"
    },
    {
      "path": "detect_secrets.filters.heuristic.is_likely_id_string"
    },
    {
      "path": "detect_secrets.filters.heuristic.is_lock_file"
    },
    {
      "path": "detect_secrets.filters.heuristic.is_not_alphanumeric_string"
    },
    {
      "path": "detect_secrets.filters.heuristic.is_potential_uuid"
    },
    {
      "path": "detect_secrets.filters.heuristic.is_prefixed_with_dollar_sign"
    },
    {
      "path": "detect_secrets.filters.heuristic.is_sequential_string"
    },
    {
      "path": "detect_secrets.filters.heuristic.is_swagger_file"
    },
    {
      "path": "detect_secrets.filters.heuristic.is_templated_secret"
    },
    {
      "path": "detect_secrets.filters.regex.should_exclude_file",
      "pattern": [
        "^(uv\\.lock|CHANGELOG\\.md|htmlcov/.*|\\.standards/.*|.*\\.svg|.*\\.png|.*\\.jpg|.*\\.lock)$"
      ]
    }
  ],
  "results": {
    ".cruft.json": [
      {
        "type": "Hex High Entropy String",
        "filename": ".cruft.json",
        "hashed_secret": "28f1b0ee88d44be227f8d8b7353f8327e77439ea",
        "is_verified": false,
        "line_number": 3
      }
    ],
    ".github/workflows/container-security.yml": [
      {
        "type": "Secret Keyword",
        "filename": ".github/workflows/container-security.yml",
        "hashed_secret": "3e26d6750975d678acb8fa35a0f69237881576b0",
        "is_verified": false,
        "line_number": 57
      }
    ],
    ".github/workflows/mutation-testing.yml": [
      {
        "type": "Secret Keyword",
        "filename": ".github/workflows/mutation-testing.yml",
        "hashed_secret": "3e26d6750975d678acb8fa35a0f69237881576b0",
        "is_verified": false,
        "line_number": 45
      }
    ],
    ".pre-commit-config.yaml": [
      {
        "type": "Hex High Entropy String",
        "filename": ".pre-commit-config.yaml",
        "hashed_secret": "a6a0ba7241c2c0e8d2cb5980e4ebad99a38c4fc0",
        "is_verified": false,
        "line_number": 27
      },
      {
        "type": "Hex High Entropy String",
        "filename": ".pre-commit-config.yaml",
        "hashed_secret": "75de706b05bf20f4edb57a81865f308e07908996",
        "is_verified": false,
        "line_number": 124
      },
      {
        "type": "Hex High Entropy String",
        "filename": ".pre-commit-config.yaml",
        "hashed_secret": "b5ec31962b8356411352e78d3bd7b4c7a0cc9b49",
        "is_verified": false,
        "line_number": 148
      },
      {
        "type": "Hex High Entropy String",
        "filename": ".pre-commit-config.yaml",
        "hashed_secret": "37655349865a78203bf3870d9d3cef5ce8647bb3",
        "is_verified": false,
        "line_number": 174
      }
    ],
    ".qlty/qlty.toml": [
      {
        "type": "Secret Keyword",
        "filename": ".qlty/qlty.toml",
        "hashed_secret": "f34cbca70da40924621696ada8300cdb9db482b1",
        "is_verified": false,
        "line_number": 108
      }
    ],
    "alembic.ini": [
      {
        "type": "Basic Auth Credentials",
        "filename": "alembic.ini",
        "hashed_secret": "9d4e1e23bd5b727046a9e3b4b7db57bd8d6ee684",
        "is_verified": false,
        "line_number": 46
      }
    ],
    "alembic/versions/20260119_005116_0b8d73696951_initial_schema.py": [
      {
        "type": "Hex High Entropy String",
        "filename": "alembic/versions/20260119_005116_0b8d73696951_initial_schema.py",
        "hashed_secret": "81da31434e39e2373bd796465f875b3e79dd18e5",
        "is_verified": false,
        "line_number": 15
      }
    ],
    "alembic/versions/20260119_005150_821fef45dccb_add_partial_unique_index_for_soft_.py": [
      {
        "type": "Hex High Entropy String",
        "filename": "alembic/versions/20260119_005150_821fef45dccb_add_partial_unique_index_for_soft_.py",
        "hashed_secret": "b7635171a1ab6576c8cc9d167496b9c05ad6e6aa",
        "is_verified": false,
        "line_number": 13
      },
      {
        "type": "Hex High Entropy String",
        "filename": "alembic/versions/20260119_005150_821fef45dccb_add_partial_unique_index_for_soft_.py",
        "hashed_secret": "81da31434e39e2373bd796465f875b3e79dd18e5",
        "is_verified": false,
        "line_number": 14
      }
    ],
    "docs/planning/tech-spec.md": [
      {
        "type": "Basic Auth Credentials",
        "filename": "docs/planning/tech-spec.md",
        "hashed_secret": "9d4e1e23bd5b727046a9e3b4b7db57bd8d6ee684",
        "is_verified": false,
        "line_number": 438
      }
    ],
    "src/llc_manager/core/config.py": [
      {
        "type": "Secret Keyword",
        "filename": "src/llc_manager/core/config.py",
        "hashed_secret": "a5c01e694764bcf09315443c6476e283e6f77906",
        "is_verified": false,
        "line_number": 18
      }
    ],
    "src/llc_manager/templates/base.html": [
      {
        "type": "Base64 High Entropy String",
        "filename": "src/llc_manager/templates/base.html",
        "hashed_secret": "da496c7d9dc5af601d8c7edfde780c91c737fa67",
        "is_verified": false,
        "line_number": 12
      }
    ]
  },
  "generated_at": "2026-05-25T21:10:02Z"
}
