{
  "custom_plugin_paths": [],
  "exclude": {
    "files": "\\.secrets\\.baseline$",
    "lines": null
  },
  "generated_at": "2026-05-08T15:16:47Z",
  "plugins_used": [
    {
      "name": "AWSKeyDetector"
    },
    {
      "name": "ArtifactoryDetector"
    },
    {
      "base64_limit": 4.5,
      "name": "Base64HighEntropyString"
    },
    {
      "name": "BasicAuthDetector"
    },
    {
      "name": "BasicOauthDetector"
    },
    {
      "name": "CloudantDetector"
    },
    {
      "hex_limit": 3,
      "name": "HexHighEntropyString"
    },
    {
      "name": "IbmCloudIamDetector"
    },
    {
      "name": "IbmCosHmacDetector"
    },
    {
      "name": "JwtTokenDetector"
    },
    {
      "keyword_exclude": null,
      "name": "KeywordDetector"
    },
    {
      "keyword_exclude": null,
      "name": "KeywordXMLDetector"
    },
    {
      "name": "MailchimpDetector"
    },
    {
      "name": "PrivateKeyDetector"
    },
    {
      "name": "SlackDetector"
    },
    {
      "name": "SoftlayerDetector"
    },
    {
      "name": "StripeDetector"
    },
    {
      "name": "TwilioKeyDetector"
    }
  ],
  "results": {
    ".cruft.json": [
      {
        "hashed_secret": "28f1b0ee88d44be227f8d8b7353f8327e77439ea",
        "is_verified": false,
        "line_number": 113,
        "type": "Hex High Entropy String"
      }
    ],
    ".env.example": [
      {
        "hashed_secret": "931cf8b158b2759a2f6c456c4f43a3922ebb16a0",
        "is_verified": false,
        "line_number": 25,
        "type": "Secret Keyword"
      },
      {
        "hashed_secret": "82c36555ad9b26558213f315623aa88df52d5f4c",
        "is_verified": false,
        "line_number": 57,
        "type": "Secret Keyword"
      },
      {
        "hashed_secret": "6124cb94c33db249c29395625c4b43deb8be0cb6",
        "is_verified": false,
        "line_number": 61,
        "type": "Secret Keyword"
      },
      {
        "hashed_secret": "8ef29e504988ed55862b7147da3196bcbf58b7da",
        "is_verified": false,
        "line_number": 66,
        "type": "Secret Keyword"
      },
      {
        "hashed_secret": "1d4e5cc95fe49e52ae061665fd763962f4b58acb",
        "is_verified": false,
        "line_number": 67,
        "type": "Secret Keyword"
      },
      {
        "hashed_secret": "d34def92a207893fdbe49adac23cfef0339dff7b",
        "is_verified": false,
        "line_number": 74,
        "type": "Secret Keyword"
      },
      {
        "hashed_secret": "1c1b686543f7d99c4d369e0c6e2e323537d45ffe",
        "is_verified": false,
        "line_number": 84,
        "type": "Secret Keyword"
      },
      {
        "hashed_secret": "c91e0df863aa06375bb1fff9fbf9b9f8352d2376",
        "is_verified": false,
        "line_number": 114,
        "type": "Secret Keyword"
      },
      {
        "hashed_secret": "eefa933395fb810a6cba31d62cefd128431c78e3",
        "is_verified": false,
        "line_number": 132,
        "type": "Secret Keyword"
      },
      {
        "hashed_secret": "22d200f8670dbdb3e253a90eee5098477c95c23d",
        "is_verified": false,
        "line_number": 133,
        "type": "Secret Keyword"
      },
      {
        "hashed_secret": "11fa7c37d697f30e6aee828b4426a10f83ab2380",
        "is_verified": false,
        "line_number": 141,
        "type": "Secret Keyword"
      },
      {
        "hashed_secret": "f08625f00d6b9a816a7137620b599231625b9012",
        "is_verified": false,
        "line_number": 193,
        "type": "Secret Keyword"
      },
      {
        "hashed_secret": "64c8f1c3c1d5cc2da438a35279cc2e72a71c585d",
        "is_verified": false,
        "line_number": 199,
        "type": "Secret Keyword"
      },
      {
        "hashed_secret": "5baa61e4c9b93f3f0682250b6cf8331b7ee68fd8",
        "is_verified": false,
        "line_number": 231,
        "type": "Secret Keyword"
      }
    ],
    ".github/workflows/container-security.yml": [
      {
        "hashed_secret": "3e26d6750975d678acb8fa35a0f69237881576b0",
        "is_verified": false,
        "line_number": 55,
        "type": "Secret Keyword"
      }
    ],
    ".github/workflows/docs.yml": [
      {
        "hashed_secret": "e1d0c6c1c29e6ad5164072a5b21340dca7fcb052",
        "is_verified": false,
        "line_number": 30,
        "type": "Secret Keyword"
      }
    ],
    ".github/workflows/mutation-testing.yml": [
      {
        "hashed_secret": "3e26d6750975d678acb8fa35a0f69237881576b0",
        "is_verified": false,
        "line_number": 52,
        "type": "Secret Keyword"
      }
    ],
    ".github/workflows/pr-validation.yml": [
      {
        "hashed_secret": "3e26d6750975d678acb8fa35a0f69237881576b0",
        "is_verified": false,
        "line_number": 43,
        "type": "Secret Keyword"
      }
    ],
    ".github/workflows/publish-pypi.yml": [
      {
        "hashed_secret": "e1d0c6c1c29e6ad5164072a5b21340dca7fcb052",
        "is_verified": false,
        "line_number": 23,
        "type": "Secret Keyword"
      }
    ],
    ".github/workflows/python-compatibility.yml": [
      {
        "hashed_secret": "3e26d6750975d678acb8fa35a0f69237881576b0",
        "is_verified": false,
        "line_number": 49,
        "type": "Secret Keyword"
      }
    ],
    ".github/workflows/release.yml": [
      {
        "hashed_secret": "e1d0c6c1c29e6ad5164072a5b21340dca7fcb052",
        "is_verified": false,
        "line_number": 40,
        "type": "Secret Keyword"
      }
    ],
    ".github/workflows/scorecard.yml": [
      {
        "hashed_secret": "e1d0c6c1c29e6ad5164072a5b21340dca7fcb052",
        "is_verified": false,
        "line_number": 27,
        "type": "Secret Keyword"
      }
    ],
    ".github/workflows/security-analysis.yml": [
      {
        "hashed_secret": "3e26d6750975d678acb8fa35a0f69237881576b0",
        "is_verified": false,
        "line_number": 46,
        "type": "Secret Keyword"
      }
    ],
    ".github/workflows/slsa-provenance.yml": [
      {
        "hashed_secret": "e1d0c6c1c29e6ad5164072a5b21340dca7fcb052",
        "is_verified": false,
        "line_number": 110,
        "type": "Secret Keyword"
      }
    ],
    ".qlty/qlty.toml": [
      {
        "hashed_secret": "fe86558143c0bd528f649a153bdc32b8fa90301c",
        "is_verified": false,
        "line_number": 108,
        "type": "Secret Keyword"
      }
    ],
    ".standards/env.example.baseline": [
      {
        "hashed_secret": "82c36555ad9b26558213f315623aa88df52d5f4c",
        "is_verified": false,
        "line_number": 40,
        "type": "Secret Keyword"
      },
      {
        "hashed_secret": "6124cb94c33db249c29395625c4b43deb8be0cb6",
        "is_verified": false,
        "line_number": 42,
        "type": "Secret Keyword"
      },
      {
        "hashed_secret": "8ef29e504988ed55862b7147da3196bcbf58b7da",
        "is_verified": false,
        "line_number": 47,
        "type": "Secret Keyword"
      },
      {
        "hashed_secret": "1d4e5cc95fe49e52ae061665fd763962f4b58acb",
        "is_verified": false,
        "line_number": 48,
        "type": "Secret Keyword"
      },
      {
        "hashed_secret": "d34def92a207893fdbe49adac23cfef0339dff7b",
        "is_verified": false,
        "line_number": 53,
        "type": "Secret Keyword"
      },
      {
        "hashed_secret": "1c1b686543f7d99c4d369e0c6e2e323537d45ffe",
        "is_verified": false,
        "line_number": 60,
        "type": "Secret Keyword"
      },
      {
        "hashed_secret": "f08625f00d6b9a816a7137620b599231625b9012",
        "is_verified": false,
        "line_number": 96,
        "type": "Secret Keyword"
      },
      {
        "hashed_secret": "64c8f1c3c1d5cc2da438a35279cc2e72a71c585d",
        "is_verified": false,
        "line_number": 100,
        "type": "Secret Keyword"
      }
    ],
    ".standards/pyproject.toml.baseline": [
      {
        "hashed_secret": "34c6fceca75e456f25e7e99531e2425c6c1de443",
        "is_verified": false,
        "line_number": 538,
        "type": "Secret Keyword"
      }
    ],
    "CHANGELOG.md": [
      {
        "hashed_secret": "4a0a2df96d4c9a13a282268cab33ac4b8cbb2c72",
        "is_verified": false,
        "line_number": 58,
        "type": "Secret Keyword"
      }
    ],
    "CLAUDE.md": [
      {
        "hashed_secret": "6eae3a5b062c6d0d79f070c26e6d62486b40cb46",
        "is_verified": false,
        "line_number": 266,
        "type": "Secret Keyword"
      }
    ],
    "alembic.ini": [
      {
        "hashed_secret": "9d4e1e23bd5b727046a9e3b4b7db57bd8d6ee684",
        "is_verified": false,
        "line_number": 46,
        "type": "Basic Auth Credentials"
      }
    ],
    "alembic/versions/20260119_005116_0b8d73696951_initial_schema.py": [
      {
        "hashed_secret": "81da31434e39e2373bd796465f875b3e79dd18e5",
        "is_verified": false,
        "line_number": 15,
        "type": "Hex High Entropy String"
      }
    ],
    "alembic/versions/20260119_005150_821fef45dccb_add_partial_unique_index_for_soft_.py": [
      {
        "hashed_secret": "b7635171a1ab6576c8cc9d167496b9c05ad6e6aa",
        "is_verified": false,
        "line_number": 13,
        "type": "Hex High Entropy String"
      },
      {
        "hashed_secret": "81da31434e39e2373bd796465f875b3e79dd18e5",
        "is_verified": false,
        "line_number": 14,
        "type": "Hex High Entropy String"
      }
    ],
    "codecov.yml": [
      {
        "hashed_secret": "fb360f9c09ac8c5edb2f18be5de4e80ea4c430d0",
        "is_verified": false,
        "line_number": 7,
        "type": "Secret Keyword"
      }
    ],
    "docker-compose.prod.yml": [
      {
        "hashed_secret": "ea8edfd4ebae57c29280593efa8fe9ae953c9bfe",
        "is_verified": false,
        "line_number": 69,
        "type": "Secret Keyword"
      }
    ],
    "docker-compose.yml": [
      {
        "hashed_secret": "570e04caf75e16c980a8e03e040d4f4269a0cc45",
        "is_verified": false,
        "line_number": 136,
        "type": "Secret Keyword"
      }
    ],
    "docs/OPENSSF_COMPLIANCE.md": [
      {
        "hashed_secret": "8ceed939f74ded0b5596ab5555e1be71dc7dfc01",
        "is_verified": false,
        "line_number": 175,
        "type": "Secret Keyword"
      }
    ],
    "docs/planning/tech-spec.md": [
      {
        "hashed_secret": "9d4e1e23bd5b727046a9e3b4b7db57bd8d6ee684",
        "is_verified": false,
        "line_number": 438,
        "type": "Basic Auth Credentials"
      }
    ],
    "frontend/src/hooks/useApi.ts": [
      {
        "hashed_secret": "d9887f12ad8fe7b1766c3e8fb57f0289063dc2fb",
        "is_verified": false,
        "line_number": 41,
        "type": "Secret Keyword"
      }
    ],
    "pyproject.toml": [
      {
        "hashed_secret": "34c6fceca75e456f25e7e99531e2425c6c1de443",
        "is_verified": false,
        "line_number": 762,
        "type": "Secret Keyword"
      },
      {
        "hashed_secret": "46e134a23a81c85d1bbd72c76577b6220373e641",
        "is_verified": false,
        "line_number": 767,
        "type": "Secret Keyword"
      }
    ],
    "src/llc_manager/core/config.py": [
      {
        "hashed_secret": "a5c01e694764bcf09315443c6476e283e6f77906",
        "is_verified": false,
        "line_number": 18,
        "type": "Secret Keyword"
      }
    ]
  },
  "version": "0.14.4",
  "word_list": {
    "file": null,
    "hash": null
  }
}
