{
  "version": "1.5.0",
  "plugins_used": [
    {
      "name": "ArtifactoryDetector"
    },
    {
      "name": "AWSKeyDetector"
    },
    {
      "name": "AzureStorageKeyDetector"
    },
    {
      "name": "Base64HighEntropyString",
      "limit": 4.5
    },
    {
      "name": "BasicAuthDetector"
    },
    {
      "name": "CloudantDetector"
    },
    {
      "name": "DiscordBotTokenDetector"
    },
    {
      "name": "GitHubTokenDetector"
    },
    {
      "name": "GitLabTokenDetector"
    },
    {
      "name": "HexHighEntropyString",
      "limit": 3.0
    },
    {
      "name": "IbmCloudIamDetector"
    },
    {
      "name": "IbmCosHmacDetector"
    },
    {
      "name": "IPPublicDetector"
    },
    {
      "name": "JwtTokenDetector"
    },
    {
      "name": "KeywordDetector",
      "keyword_exclude": ""
    },
    {
      "name": "MailchimpDetector"
    },
    {
      "name": "NpmDetector"
    },
    {
      "name": "OpenAIDetector"
    },
    {
      "name": "PrivateKeyDetector"
    },
    {
      "name": "PypiTokenDetector"
    },
    {
      "name": "SendGridDetector"
    },
    {
      "name": "SlackDetector"
    },
    {
      "name": "SoftlayerDetector"
    },
    {
      "name": "SquareOAuthDetector"
    },
    {
      "name": "StripeDetector"
    },
    {
      "name": "TelegramBotTokenDetector"
    },
    {
      "name": "TwilioKeyDetector"
    }
  ],
  "filters_used": [
    {
      "path": "detect_secrets.filters.allowlist.is_line_allowlisted"
    },
    {
      "path": "detect_secrets.filters.common.is_ignored_due_to_verification_policies",
      "min_level": 2
    },
    {
      "path": "detect_secrets.filters.heuristic.is_indirect_reference"
    },
    {
      "path": "detect_secrets.filters.heuristic.is_likely_id_string"
    },
    {
      "path": "detect_secrets.filters.heuristic.is_lock_file"
    },
    {
      "path": "detect_secrets.filters.heuristic.is_not_alphanumeric_string"
    },
    {
      "path": "detect_secrets.filters.heuristic.is_potential_uuid"
    },
    {
      "path": "detect_secrets.filters.heuristic.is_prefixed_with_dollar_sign"
    },
    {
      "path": "detect_secrets.filters.heuristic.is_sequential_string"
    },
    {
      "path": "detect_secrets.filters.heuristic.is_swagger_file"
    },
    {
      "path": "detect_secrets.filters.heuristic.is_templated_secret"
    }
  ],
  "results": {
    ".cruft.json": [
      {
        "type": "Hex High Entropy String",
        "filename": ".cruft.json",
        "hashed_secret": "28f1b0ee88d44be227f8d8b7353f8327e77439ea",
        "is_verified": false,
        "line_number": 3
      }
    ],
    ".github/workflows/container-security.yml": [
      {
        "type": "Secret Keyword",
        "filename": ".github/workflows/container-security.yml",
        "hashed_secret": "3e26d6750975d678acb8fa35a0f69237881576b0",
        "is_verified": false,
        "line_number": 65
      }
    ],
    ".github/workflows/mutation-testing.yml": [
      {
        "type": "Secret Keyword",
        "filename": ".github/workflows/mutation-testing.yml",
        "hashed_secret": "3e26d6750975d678acb8fa35a0f69237881576b0",
        "is_verified": false,
        "line_number": 54
      }
    ],
    ".github/workflows/postman-api-tests.yml": [
      {
        "type": "Secret Keyword",
        "filename": ".github/workflows/postman-api-tests.yml",
        "hashed_secret": "c91e0df863aa06375bb1fff9fbf9b9f8352d2376",
        "is_verified": false,
        "line_number": 57
      },
      {
        "type": "Secret Keyword",
        "filename": ".github/workflows/postman-api-tests.yml",
        "hashed_secret": "5cbb2eeeed2d0f8285e18b9b13f44ff28ee5f0cc",
        "is_verified": false,
        "line_number": 76
      }
    ],
    ".pre-commit-config.yaml": [
      {
        "type": "Hex High Entropy String",
        "filename": ".pre-commit-config.yaml",
        "hashed_secret": "a6a0ba7241c2c0e8d2cb5980e4ebad99a38c4fc0",
        "is_verified": false,
        "line_number": 27
      },
      {
        "type": "Hex High Entropy String",
        "filename": ".pre-commit-config.yaml",
        "hashed_secret": "75de706b05bf20f4edb57a81865f308e07908996",
        "is_verified": false,
        "line_number": 124
      },
      {
        "type": "Hex High Entropy String",
        "filename": ".pre-commit-config.yaml",
        "hashed_secret": "b5ec31962b8356411352e78d3bd7b4c7a0cc9b49",
        "is_verified": false,
        "line_number": 148
      },
      {
        "type": "Hex High Entropy String",
        "filename": ".pre-commit-config.yaml",
        "hashed_secret": "37655349865a78203bf3870d9d3cef5ce8647bb3",
        "is_verified": false,
        "line_number": 174
      }
    ],
    ".qlty/qlty.toml": [
      {
        "type": "Secret Keyword",
        "filename": ".qlty/qlty.toml",
        "hashed_secret": "f34cbca70da40924621696ada8300cdb9db482b1",
        "is_verified": false,
        "line_number": 108
      }
    ],
    ".secrets.baseline": [
      {
        "type": "Hex High Entropy String",
        "filename": ".secrets.baseline",
        "hashed_secret": "58368cbc77c5ba5f16edd06aeb9f8f00a42a970c",
        "is_verified": false,
        "line_number": 130
      },
      {
        "type": "Secret Keyword",
        "filename": ".secrets.baseline",
        "hashed_secret": "58368cbc77c5ba5f16edd06aeb9f8f00a42a970c",
        "is_verified": false,
        "line_number": 130
      },
      {
        "type": "Hex High Entropy String",
        "filename": ".secrets.baseline",
        "hashed_secret": "8848f43f2ea50c9e994adadce791707ee71f6685",
        "is_verified": false,
        "line_number": 139
      },
      {
        "type": "Secret Keyword",
        "filename": ".secrets.baseline",
        "hashed_secret": "8848f43f2ea50c9e994adadce791707ee71f6685",
        "is_verified": false,
        "line_number": 139
      },
      {
        "type": "Hex High Entropy String",
        "filename": ".secrets.baseline",
        "hashed_secret": "36d6bff59d945de5c452a5382c45d81798cdb489",
        "is_verified": false,
        "line_number": 157
      },
      {
        "type": "Secret Keyword",
        "filename": ".secrets.baseline",
        "hashed_secret": "36d6bff59d945de5c452a5382c45d81798cdb489",
        "is_verified": false,
        "line_number": 157
      },
      {
        "type": "Hex High Entropy String",
        "filename": ".secrets.baseline",
        "hashed_secret": "62ab72ca2b9e3948d7a77c3e7940fa26bd8ea148",
        "is_verified": false,
        "line_number": 164
      },
      {
        "type": "Secret Keyword",
        "filename": ".secrets.baseline",
        "hashed_secret": "62ab72ca2b9e3948d7a77c3e7940fa26bd8ea148",
        "is_verified": false,
        "line_number": 164
      },
      {
        "type": "Hex High Entropy String",
        "filename": ".secrets.baseline",
        "hashed_secret": "01f9a2d9d85776bc9be10daa49e173b31cc60189",
        "is_verified": false,
        "line_number": 173
      },
      {
        "type": "Secret Keyword",
        "filename": ".secrets.baseline",
        "hashed_secret": "01f9a2d9d85776bc9be10daa49e173b31cc60189",
        "is_verified": false,
        "line_number": 173
      },
      {
        "type": "Hex High Entropy String",
        "filename": ".secrets.baseline",
        "hashed_secret": "e4a6992e3a86326a8fc211a622d0a9604d34178d",
        "is_verified": false,
        "line_number": 180
      },
      {
        "type": "Secret Keyword",
        "filename": ".secrets.baseline",
        "hashed_secret": "e4a6992e3a86326a8fc211a622d0a9604d34178d",
        "is_verified": false,
        "line_number": 180
      },
      {
        "type": "Hex High Entropy String",
        "filename": ".secrets.baseline",
        "hashed_secret": "c6e6ef7bfe743c0da83d1a2c981b93acadc2a0b9",
        "is_verified": false,
        "line_number": 187
      },
      {
        "type": "Secret Keyword",
        "filename": ".secrets.baseline",
        "hashed_secret": "c6e6ef7bfe743c0da83d1a2c981b93acadc2a0b9",
        "is_verified": false,
        "line_number": 187
      },
      {
        "type": "Hex High Entropy String",
        "filename": ".secrets.baseline",
        "hashed_secret": "0d63018df23b9fe3deea649adf31bf612d848c48",
        "is_verified": false,
        "line_number": 194
      },
      {
        "type": "Secret Keyword",
        "filename": ".secrets.baseline",
        "hashed_secret": "0d63018df23b9fe3deea649adf31bf612d848c48",
        "is_verified": false,
        "line_number": 194
      },
      {
        "type": "Hex High Entropy String",
        "filename": ".secrets.baseline",
        "hashed_secret": "6e64e94c08fc79e411048aa4b37cc12856702b9c",
        "is_verified": false,
        "line_number": 203
      },
      {
        "type": "Secret Keyword",
        "filename": ".secrets.baseline",
        "hashed_secret": "6e64e94c08fc79e411048aa4b37cc12856702b9c",
        "is_verified": false,
        "line_number": 203
      },
      {
        "type": "Hex High Entropy String",
        "filename": ".secrets.baseline",
        "hashed_secret": "16c759007423cb489d2c4f14bf67eacf85708220",
        "is_verified": false,
        "line_number": 212
      },
      {
        "type": "Secret Keyword",
        "filename": ".secrets.baseline",
        "hashed_secret": "16c759007423cb489d2c4f14bf67eacf85708220",
        "is_verified": false,
        "line_number": 212
      },
      {
        "type": "Hex High Entropy String",
        "filename": ".secrets.baseline",
        "hashed_secret": "d85be02022734beba1be05687ea7c711bb8c8ee9",
        "is_verified": false,
        "line_number": 226
      },
      {
        "type": "Secret Keyword",
        "filename": ".secrets.baseline",
        "hashed_secret": "d85be02022734beba1be05687ea7c711bb8c8ee9",
        "is_verified": false,
        "line_number": 226
      },
      {
        "type": "Hex High Entropy String",
        "filename": ".secrets.baseline",
        "hashed_secret": "26c7ce9c095a728c2fef19fe1fe69433c3725281",
        "is_verified": false,
        "line_number": 240
      },
      {
        "type": "Secret Keyword",
        "filename": ".secrets.baseline",
        "hashed_secret": "26c7ce9c095a728c2fef19fe1fe69433c3725281",
        "is_verified": false,
        "line_number": 240
      },
      {
        "type": "Hex High Entropy String",
        "filename": ".secrets.baseline",
        "hashed_secret": "20e8b107539c6e3e99ba71a2e34dc36623ac0b29",
        "is_verified": false,
        "line_number": 254
      },
      {
        "type": "Secret Keyword",
        "filename": ".secrets.baseline",
        "hashed_secret": "20e8b107539c6e3e99ba71a2e34dc36623ac0b29",
        "is_verified": false,
        "line_number": 254
      },
      {
        "type": "Hex High Entropy String",
        "filename": ".secrets.baseline",
        "hashed_secret": "2e8644294b277d18750a4b4b3adc13516999c888",
        "is_verified": false,
        "line_number": 268
      },
      {
        "type": "Secret Keyword",
        "filename": ".secrets.baseline",
        "hashed_secret": "2e8644294b277d18750a4b4b3adc13516999c888",
        "is_verified": false,
        "line_number": 268
      },
      {
        "type": "Hex High Entropy String",
        "filename": ".secrets.baseline",
        "hashed_secret": "935399649ae783ddc5b1cd54f680073b2f4b6fce",
        "is_verified": false,
        "line_number": 282
      },
      {
        "type": "Secret Keyword",
        "filename": ".secrets.baseline",
        "hashed_secret": "935399649ae783ddc5b1cd54f680073b2f4b6fce",
        "is_verified": false,
        "line_number": 282
      },
      {
        "type": "Hex High Entropy String",
        "filename": ".secrets.baseline",
        "hashed_secret": "8d67868da1625685fca3b215f076ed17fbf15b5f",
        "is_verified": false,
        "line_number": 296
      },
      {
        "type": "Secret Keyword",
        "filename": ".secrets.baseline",
        "hashed_secret": "8d67868da1625685fca3b215f076ed17fbf15b5f",
        "is_verified": false,
        "line_number": 296
      },
      {
        "type": "Hex High Entropy String",
        "filename": ".secrets.baseline",
        "hashed_secret": "00fc07c1cd8016abf31470f114d5d41587dc7611",
        "is_verified": false,
        "line_number": 310
      },
      {
        "type": "Secret Keyword",
        "filename": ".secrets.baseline",
        "hashed_secret": "00fc07c1cd8016abf31470f114d5d41587dc7611",
        "is_verified": false,
        "line_number": 310
      },
      {
        "type": "Hex High Entropy String",
        "filename": ".secrets.baseline",
        "hashed_secret": "f6509efb56a93aa0349727d5d8c134d6a0a08afd",
        "is_verified": false,
        "line_number": 324
      },
      {
        "type": "Secret Keyword",
        "filename": ".secrets.baseline",
        "hashed_secret": "f6509efb56a93aa0349727d5d8c134d6a0a08afd",
        "is_verified": false,
        "line_number": 324
      },
      {
        "type": "Hex High Entropy String",
        "filename": ".secrets.baseline",
        "hashed_secret": "f674da3d658d72008fa974f8d0bc435640396bbb",
        "is_verified": false,
        "line_number": 338
      },
      {
        "type": "Secret Keyword",
        "filename": ".secrets.baseline",
        "hashed_secret": "f674da3d658d72008fa974f8d0bc435640396bbb",
        "is_verified": false,
        "line_number": 338
      },
      {
        "type": "Hex High Entropy String",
        "filename": ".secrets.baseline",
        "hashed_secret": "2e4c6071663e748bc3a737513ab3b11c5c95dc93",
        "is_verified": false,
        "line_number": 352
      },
      {
        "type": "Secret Keyword",
        "filename": ".secrets.baseline",
        "hashed_secret": "2e4c6071663e748bc3a737513ab3b11c5c95dc93",
        "is_verified": false,
        "line_number": 352
      },
      {
        "type": "Hex High Entropy String",
        "filename": ".secrets.baseline",
        "hashed_secret": "728f3a7c5c1c96ed3ab7ebf617f95bfb3dd30f6d",
        "is_verified": false,
        "line_number": 366
      },
      {
        "type": "Secret Keyword",
        "filename": ".secrets.baseline",
        "hashed_secret": "728f3a7c5c1c96ed3ab7ebf617f95bfb3dd30f6d",
        "is_verified": false,
        "line_number": 366
      },
      {
        "type": "Hex High Entropy String",
        "filename": ".secrets.baseline",
        "hashed_secret": "10276a023eb135904a171b9ccdf3c2a2df01bb4e",
        "is_verified": false,
        "line_number": 380
      },
      {
        "type": "Secret Keyword",
        "filename": ".secrets.baseline",
        "hashed_secret": "10276a023eb135904a171b9ccdf3c2a2df01bb4e",
        "is_verified": false,
        "line_number": 380
      },
      {
        "type": "Hex High Entropy String",
        "filename": ".secrets.baseline",
        "hashed_secret": "a49afafc5f3fb22c34e41a1bd06f0422dcf64acd",
        "is_verified": false,
        "line_number": 394
      },
      {
        "type": "Secret Keyword",
        "filename": ".secrets.baseline",
        "hashed_secret": "a49afafc5f3fb22c34e41a1bd06f0422dcf64acd",
        "is_verified": false,
        "line_number": 394
      },
      {
        "type": "Hex High Entropy String",
        "filename": ".secrets.baseline",
        "hashed_secret": "bddc8f28ac71cc9102b6c112c2d08013339a223d",
        "is_verified": false,
        "line_number": 408
      },
      {
        "type": "Secret Keyword",
        "filename": ".secrets.baseline",
        "hashed_secret": "bddc8f28ac71cc9102b6c112c2d08013339a223d",
        "is_verified": false,
        "line_number": 408
      },
      {
        "type": "Hex High Entropy String",
        "filename": ".secrets.baseline",
        "hashed_secret": "18ffb00dbd7f3754569f8a55429920f718a986b5",
        "is_verified": false,
        "line_number": 422
      },
      {
        "type": "Secret Keyword",
        "filename": ".secrets.baseline",
        "hashed_secret": "18ffb00dbd7f3754569f8a55429920f718a986b5",
        "is_verified": false,
        "line_number": 422
      },
      {
        "type": "Hex High Entropy String",
        "filename": ".secrets.baseline",
        "hashed_secret": "9bfd0d7a14bce4a8b4ff8a725b42be5fa447a3d3",
        "is_verified": false,
        "line_number": 436
      },
      {
        "type": "Secret Keyword",
        "filename": ".secrets.baseline",
        "hashed_secret": "9bfd0d7a14bce4a8b4ff8a725b42be5fa447a3d3",
        "is_verified": false,
        "line_number": 436
      },
      {
        "type": "Hex High Entropy String",
        "filename": ".secrets.baseline",
        "hashed_secret": "eb414def587ed3951387c5a638fa152cef5ff071",
        "is_verified": false,
        "line_number": 450
      },
      {
        "type": "Secret Keyword",
        "filename": ".secrets.baseline",
        "hashed_secret": "eb414def587ed3951387c5a638fa152cef5ff071",
        "is_verified": false,
        "line_number": 450
      },
      {
        "type": "Hex High Entropy String",
        "filename": ".secrets.baseline",
        "hashed_secret": "a75a4b24d2fda5b9a72a5318cf59dd76c2a2b300",
        "is_verified": false,
        "line_number": 464
      },
      {
        "type": "Secret Keyword",
        "filename": ".secrets.baseline",
        "hashed_secret": "a75a4b24d2fda5b9a72a5318cf59dd76c2a2b300",
        "is_verified": false,
        "line_number": 464
      },
      {
        "type": "Hex High Entropy String",
        "filename": ".secrets.baseline",
        "hashed_secret": "59b8587a76bb8b0cec8025ddc8e791c76da53b1e",
        "is_verified": false,
        "line_number": 478
      },
      {
        "type": "Secret Keyword",
        "filename": ".secrets.baseline",
        "hashed_secret": "59b8587a76bb8b0cec8025ddc8e791c76da53b1e",
        "is_verified": false,
        "line_number": 478
      },
      {
        "type": "Hex High Entropy String",
        "filename": ".secrets.baseline",
        "hashed_secret": "861c3254f23c2237f3976d37d00811417c13be4a",
        "is_verified": false,
        "line_number": 492
      },
      {
        "type": "Secret Keyword",
        "filename": ".secrets.baseline",
        "hashed_secret": "861c3254f23c2237f3976d37d00811417c13be4a",
        "is_verified": false,
        "line_number": 492
      },
      {
        "type": "Hex High Entropy String",
        "filename": ".secrets.baseline",
        "hashed_secret": "de020b0e8103e7c29407b66f9250062252b5aa05",
        "is_verified": false,
        "line_number": 506
      },
      {
        "type": "Secret Keyword",
        "filename": ".secrets.baseline",
        "hashed_secret": "de020b0e8103e7c29407b66f9250062252b5aa05",
        "is_verified": false,
        "line_number": 506
      },
      {
        "type": "Hex High Entropy String",
        "filename": ".secrets.baseline",
        "hashed_secret": "807d307ab1e48f84b5e95635d192e9c8869dda8f",
        "is_verified": false,
        "line_number": 520
      },
      {
        "type": "Secret Keyword",
        "filename": ".secrets.baseline",
        "hashed_secret": "807d307ab1e48f84b5e95635d192e9c8869dda8f",
        "is_verified": false,
        "line_number": 520
      },
      {
        "type": "Hex High Entropy String",
        "filename": ".secrets.baseline",
        "hashed_secret": "54d080f2e37e88225af807cf03a848fd25a2dd3c",
        "is_verified": false,
        "line_number": 534
      },
      {
        "type": "Secret Keyword",
        "filename": ".secrets.baseline",
        "hashed_secret": "54d080f2e37e88225af807cf03a848fd25a2dd3c",
        "is_verified": false,
        "line_number": 534
      },
      {
        "type": "Hex High Entropy String",
        "filename": ".secrets.baseline",
        "hashed_secret": "dd33b1e6f3d2981cac1d174da7a1ba3bfb9f0472",
        "is_verified": false,
        "line_number": 548
      },
      {
        "type": "Secret Keyword",
        "filename": ".secrets.baseline",
        "hashed_secret": "dd33b1e6f3d2981cac1d174da7a1ba3bfb9f0472",
        "is_verified": false,
        "line_number": 548
      },
      {
        "type": "Hex High Entropy String",
        "filename": ".secrets.baseline",
        "hashed_secret": "879b0eef34c622936856f77cdca0b89f4c400c39",
        "is_verified": false,
        "line_number": 562
      },
      {
        "type": "Secret Keyword",
        "filename": ".secrets.baseline",
        "hashed_secret": "879b0eef34c622936856f77cdca0b89f4c400c39",
        "is_verified": false,
        "line_number": 562
      },
      {
        "type": "Hex High Entropy String",
        "filename": ".secrets.baseline",
        "hashed_secret": "e5af236cde4015e4ad00c62ea210e0485da3f315",
        "is_verified": false,
        "line_number": 576
      },
      {
        "type": "Secret Keyword",
        "filename": ".secrets.baseline",
        "hashed_secret": "e5af236cde4015e4ad00c62ea210e0485da3f315",
        "is_verified": false,
        "line_number": 576
      },
      {
        "type": "Hex High Entropy String",
        "filename": ".secrets.baseline",
        "hashed_secret": "c4630d05ac3ffd099fdb02373ca70ac9ac183930",
        "is_verified": false,
        "line_number": 590
      },
      {
        "type": "Secret Keyword",
        "filename": ".secrets.baseline",
        "hashed_secret": "c4630d05ac3ffd099fdb02373ca70ac9ac183930",
        "is_verified": false,
        "line_number": 590
      },
      {
        "type": "Hex High Entropy String",
        "filename": ".secrets.baseline",
        "hashed_secret": "cf58d494f7ac512016b7db72633c3cb8329afb17",
        "is_verified": false,
        "line_number": 604
      },
      {
        "type": "Secret Keyword",
        "filename": ".secrets.baseline",
        "hashed_secret": "cf58d494f7ac512016b7db72633c3cb8329afb17",
        "is_verified": false,
        "line_number": 604
      },
      {
        "type": "Hex High Entropy String",
        "filename": ".secrets.baseline",
        "hashed_secret": "c97446346e1b9ff8ea080861dc411445ef34c711",
        "is_verified": false,
        "line_number": 618
      },
      {
        "type": "Secret Keyword",
        "filename": ".secrets.baseline",
        "hashed_secret": "c97446346e1b9ff8ea080861dc411445ef34c711",
        "is_verified": false,
        "line_number": 618
      },
      {
        "type": "Hex High Entropy String",
        "filename": ".secrets.baseline",
        "hashed_secret": "9ea5c72cf67dfe25478663b378c6a3f20b8722cf",
        "is_verified": false,
        "line_number": 632
      },
      {
        "type": "Secret Keyword",
        "filename": ".secrets.baseline",
        "hashed_secret": "9ea5c72cf67dfe25478663b378c6a3f20b8722cf",
        "is_verified": false,
        "line_number": 632
      },
      {
        "type": "Hex High Entropy String",
        "filename": ".secrets.baseline",
        "hashed_secret": "5d800f82bed68251dfbc8759a0d9dbea6ab063de",
        "is_verified": false,
        "line_number": 646
      },
      {
        "type": "Secret Keyword",
        "filename": ".secrets.baseline",
        "hashed_secret": "5d800f82bed68251dfbc8759a0d9dbea6ab063de",
        "is_verified": false,
        "line_number": 646
      },
      {
        "type": "Hex High Entropy String",
        "filename": ".secrets.baseline",
        "hashed_secret": "43baa528809a0a49d57d86654718d15bc744614f",
        "is_verified": false,
        "line_number": 660
      },
      {
        "type": "Secret Keyword",
        "filename": ".secrets.baseline",
        "hashed_secret": "43baa528809a0a49d57d86654718d15bc744614f",
        "is_verified": false,
        "line_number": 660
      },
      {
        "type": "Hex High Entropy String",
        "filename": ".secrets.baseline",
        "hashed_secret": "83d6229df9c1c0787dc7f9701276d14ca6f8d479",
        "is_verified": false,
        "line_number": 676
      },
      {
        "type": "Secret Keyword",
        "filename": ".secrets.baseline",
        "hashed_secret": "83d6229df9c1c0787dc7f9701276d14ca6f8d479",
        "is_verified": false,
        "line_number": 676
      },
      {
        "type": "Hex High Entropy String",
        "filename": ".secrets.baseline",
        "hashed_secret": "716f62ed022ab7d155d457275677403d8cffa4ad",
        "is_verified": false,
        "line_number": 683
      },
      {
        "type": "Secret Keyword",
        "filename": ".secrets.baseline",
        "hashed_secret": "716f62ed022ab7d155d457275677403d8cffa4ad",
        "is_verified": false,
        "line_number": 683
      },
      {
        "type": "Hex High Entropy String",
        "filename": ".secrets.baseline",
        "hashed_secret": "157e15784761bed76f0375cb08e11110a39743c1",
        "is_verified": false,
        "line_number": 690
      },
      {
        "type": "Secret Keyword",
        "filename": ".secrets.baseline",
        "hashed_secret": "157e15784761bed76f0375cb08e11110a39743c1",
        "is_verified": false,
        "line_number": 690
      },
      {
        "type": "Hex High Entropy String",
        "filename": ".secrets.baseline",
        "hashed_secret": "300ac668c782c666a9de0f2ccb59cea082255b5d",
        "is_verified": false,
        "line_number": 699
      },
      {
        "type": "Secret Keyword",
        "filename": ".secrets.baseline",
        "hashed_secret": "300ac668c782c666a9de0f2ccb59cea082255b5d",
        "is_verified": false,
        "line_number": 699
      },
      {
        "type": "Hex High Entropy String",
        "filename": ".secrets.baseline",
        "hashed_secret": "ea6deb7309e7c335fc2caa9e532322e34247a1d7",
        "is_verified": false,
        "line_number": 708
      },
      {
        "type": "Secret Keyword",
        "filename": ".secrets.baseline",
        "hashed_secret": "ea6deb7309e7c335fc2caa9e532322e34247a1d7",
        "is_verified": false,
        "line_number": 708
      },
      {
        "type": "Hex High Entropy String",
        "filename": ".secrets.baseline",
        "hashed_secret": "eb7899984c59276314fa9610fb0ea2d5a9e2b162",
        "is_verified": false,
        "line_number": 717
      },
      {
        "type": "Secret Keyword",
        "filename": ".secrets.baseline",
        "hashed_secret": "eb7899984c59276314fa9610fb0ea2d5a9e2b162",
        "is_verified": false,
        "line_number": 717
      },
      {
        "type": "Hex High Entropy String",
        "filename": ".secrets.baseline",
        "hashed_secret": "3711d30c85519aeb428a8bc0b6601eef703ae8ef",
        "is_verified": false,
        "line_number": 742
      },
      {
        "type": "Secret Keyword",
        "filename": ".secrets.baseline",
        "hashed_secret": "3711d30c85519aeb428a8bc0b6601eef703ae8ef",
        "is_verified": false,
        "line_number": 742
      },
      {
        "type": "Hex High Entropy String",
        "filename": ".secrets.baseline",
        "hashed_secret": "170ea588af0dc12c3d1f60522081533527020f27",
        "is_verified": false,
        "line_number": 751
      },
      {
        "type": "Secret Keyword",
        "filename": ".secrets.baseline",
        "hashed_secret": "170ea588af0dc12c3d1f60522081533527020f27",
        "is_verified": false,
        "line_number": 751
      },
      {
        "type": "Hex High Entropy String",
        "filename": ".secrets.baseline",
        "hashed_secret": "fbfc5f7dafff95539e388b012fd836e36f8db6b0",
        "is_verified": false,
        "line_number": 760
      },
      {
        "type": "Secret Keyword",
        "filename": ".secrets.baseline",
        "hashed_secret": "fbfc5f7dafff95539e388b012fd836e36f8db6b0",
        "is_verified": false,
        "line_number": 760
      }
    ],
    ".standards/env.example.baseline": [
      {
        "type": "Secret Keyword",
        "filename": ".standards/env.example.baseline",
        "hashed_secret": "82c36555ad9b26558213f315623aa88df52d5f4c",
        "is_verified": false,
        "line_number": 40
      },
      {
        "type": "Secret Keyword",
        "filename": ".standards/env.example.baseline",
        "hashed_secret": "1d4e5cc95fe49e52ae061665fd763962f4b58acb",
        "is_verified": false,
        "line_number": 48
      },
      {
        "type": "Secret Keyword",
        "filename": ".standards/env.example.baseline",
        "hashed_secret": "1c1b686543f7d99c4d369e0c6e2e323537d45ffe",
        "is_verified": false,
        "line_number": 60
      }
    ],
    "alembic.ini": [
      {
        "type": "Basic Auth Credentials",
        "filename": "alembic.ini",
        "hashed_secret": "9d4e1e23bd5b727046a9e3b4b7db57bd8d6ee684",
        "is_verified": false,
        "line_number": 46
      }
    ],
    "alembic/versions/20260119_005116_0b8d73696951_initial_schema.py": [
      {
        "type": "Hex High Entropy String",
        "filename": "alembic/versions/20260119_005116_0b8d73696951_initial_schema.py",
        "hashed_secret": "81da31434e39e2373bd796465f875b3e79dd18e5",
        "is_verified": false,
        "line_number": 15
      }
    ],
    "alembic/versions/20260119_005150_821fef45dccb_add_partial_unique_index_for_soft_.py": [
      {
        "type": "Hex High Entropy String",
        "filename": "alembic/versions/20260119_005150_821fef45dccb_add_partial_unique_index_for_soft_.py",
        "hashed_secret": "b7635171a1ab6576c8cc9d167496b9c05ad6e6aa",
        "is_verified": false,
        "line_number": 13
      },
      {
        "type": "Hex High Entropy String",
        "filename": "alembic/versions/20260119_005150_821fef45dccb_add_partial_unique_index_for_soft_.py",
        "hashed_secret": "81da31434e39e2373bd796465f875b3e79dd18e5",
        "is_verified": false,
        "line_number": 14
      }
    ],
    "docs/planning/tech-spec.md": [
      {
        "type": "Basic Auth Credentials",
        "filename": "docs/planning/tech-spec.md",
        "hashed_secret": "9d4e1e23bd5b727046a9e3b4b7db57bd8d6ee684",
        "is_verified": false,
        "line_number": 438
      }
    ],
    "src/llc_manager/core/config.py": [
      {
        "type": "Secret Keyword",
        "filename": "src/llc_manager/core/config.py",
        "hashed_secret": "a5c01e694764bcf09315443c6476e283e6f77906",
        "is_verified": false,
        "line_number": 18
      }
    ],
    "src/llc_manager/templates/base.html": [
      {
        "type": "Base64 High Entropy String",
        "filename": "src/llc_manager/templates/base.html",
        "hashed_secret": "da496c7d9dc5af601d8c7edfde780c91c737fa67",
        "is_verified": false,
        "line_number": 12
      }
    ],
    "tests/unit/test_security_audit_fixes.py": [
      {
        "type": "Secret Keyword",
        "filename": "tests/unit/test_security_audit_fixes.py",
        "hashed_secret": "a0f4ea7d91495df92bbac2e2149dfb850fe81396",
        "is_verified": false,
        "line_number": 42
      }
    ]
  },
  "generated_at": "2026-05-31T05:19:39Z"
}
